// Jest Snapshot v1, https://goo.gl/fbAQLP

exports[`renders correctly and equal to snapshot 1`] = `
<footer
  className="page-footer blue darken-3"
>
  <div
    className="container"
  >
    <div
      className="row "
    >
      <div
        className="col s12 m4 l4 xl4"
      >
        <h5
          className="yellow-text center"
        >
          Наш адресс:
        </h5>
        <p
          className="grey-text text-lighten-4 center"
        >
          Дордой, Кожевенная 36а/2
        </p>
        <div
          className="center"
        >
          <a
            className="waves-effect blue darken-1 btn"
            href="https://2gis.kg/bishkek/search/%D0%B0%D0%B2%D1%82%D0%BE%D1%81%D1%82%D0%B0%D1%80%D1%82%20%D0%B4%D0%BE%D1%80%D0%B4%D0%BE%D0%B9/firm/70000001041801737/74.621242%2C42.947197?m=74.621263%2C42.947176%2F15.54"
          >
            <i
              className="material-icons right"
            >
              place
            </i>
            Как добраться?
          </a>
        </div>
      </div>
      <div
        className="col s12 m4 l4 xl4 offset-l2"
      >
        <h5
          className="yellow-text center"
        >
          Подпишитесь на нас:
        </h5>
        <ul>
          <li>
            <p
              className="white-text center"
            >
              <a
                className="white-text"
                href="https://www.instagram.com/autodor.kg/"
              >
                <i
                  aria-hidden="true"
                  className="fab fa-instagram fa-1x"
                />
                 Instagram
              </a>
               
            </p>
          </li>
          <li>
            <p
              className="center"
            >
              <a
                className="white-text"
                href="https://www.facebook.com/avtostartkgdordoi-111240577147993/"
              >
                <i
                  className="fab fa-facebook fa-1x"
                />
                  Facebook
              </a>
            </p>
          </li>
        </ul>
      </div>
      <div
        className="col s12 l4 m4 xl4"
      >
        <h5
          className="yellow-text center"
        >
          Телефон номер:
        </h5>
        <ul>
          <li>
            <h6
              className="white-text center"
            >
              0770 38 72 34
            </h6>
          </li>
          <li>
            <h6
              className="white-text center"
            >
              0555 74 57 75
            </h6>
          </li>
        </ul>
      </div>
    </div>
  </div>
  <div
    className="footer-copyright blue darken-4"
  >
    <div
      className="container"
    >
      <a
        className="white-text"
        href="#!"
      >
        © 2020 Все права защищено.
      </a>
    </div>
  </div>
</footer>
`;
