// Jest Snapshot v1, https://goo.gl/fbAQLP

exports[`SearchBar Component renders correctly and equal to snapshot 1`] = `
<div
  className="row"
>
  <div
    className="col s12 m12 l12"
  >
    <div
      className="nav-wrapper"
    >
      <form>
        <div
          className="input-field"
        >
          <input
            id="search"
            placeholder="Ищите по размеру"
            type="search"
          />
          <label
            className="label-icon"
            htmlFor="search"
          >
            <i
              className="material-icons"
            >
              search
            </i>
          </label>
          <i
            className="material-icons"
          >
            close
          </i>
        </div>
      </form>
    </div>
  </div>
</div>
`;

exports[`Spinner Component renders correctly and equal to snapshot 1`] = `
<div
  className="container center"
>
  <div
    className="preloader-wrapper big active"
  >
    <div
      className="spinner-layer spinner-blue-only"
    >
      <div
        className="circle-clipper left"
      >
        <div
          className="circle"
        />
      </div>
      <div
        className="gap-patch"
      >
        <div
          className="circle"
        />
      </div>
      <div
        className="circle-clipper right"
      >
        <div
          className="circle"
        />
      </div>
    </div>
  </div>
</div>
`;
